[2025-11-16T13:13:01.606Z] ERROR ExceptionsHandler - ER_BAD_FIELD_ERROR: Unknown column 'CartSqlModel.size' in 'field list'
Trace: QueryFailedError: ER_BAD_FIELD_ERROR: Unknown column 'CartSqlModel.size' in 'field list'
    at Query.<anonymous> (C:\Users\GEELLLL\OneDrive\Documents\AAAAA\julius\smart-prints-backend\node_modules\.pnpm\typeorm@0.3.27_mongodb@6.18_3d9a812e28dbd3b158d45fa2cc381fb4\node_modules\typeorm\driver\src\driver\mysql\MysqlQueryRunner.ts:248:33)
    at Query.<anonymous> (C:\Users\GEELLLL\OneDrive\Documents\AAAAA\julius\smart-prints-backend\node_modules\.pnpm\mysql@2.18.1\node_modules\mysql\lib\Connection.js:526:10)
    at Query._callback (C:\Users\GEELLLL\OneDrive\Documents\AAAAA\julius\smart-prints-backend\node_modules\.pnpm\mysql@2.18.1\node_modules\mysql\lib\Connection.js:488:16)
    at Sequence.end (C:\Users\GEELLLL\OneDrive\Documents\AAAAA\julius\smart-prints-backend\node_modules\.pnpm\mysql@2.18.1\node_modules\mysql\lib\protocol\sequences\Sequence.js:83:24)
    at Query.ErrorPacket (C:\Users\GEELLLL\OneDrive\Documents\AAAAA\julius\smart-prints-backend\node_modules\.pnpm\mysql@2.18.1\node_modules\mysql\lib\protocol\sequences\Query.js:92:8)
    at Protocol._parsePacket (C:\Users\GEELLLL\OneDrive\Documents\AAAAA\julius\smart-prints-backend\node_modules\.pnpm\mysql@2.18.1\node_modules\mysql\lib\protocol\Protocol.js:291:23)
    at Parser._parsePacket (C:\Users\GEELLLL\OneDrive\Documents\AAAAA\julius\smart-prints-backend\node_modules\.pnpm\mysql@2.18.1\node_modules\mysql\lib\protocol\Parser.js:433:10)
    at Parser.write (C:\Users\GEELLLL\OneDrive\Documents\AAAAA\julius\smart-prints-backend\node_modules\.pnpm\mysql@2.18.1\node_modules\mysql\lib\protocol\Parser.js:43:10)
    at Protocol.write (C:\Users\GEELLLL\OneDrive\Documents\AAAAA\julius\smart-prints-backend\node_modules\.pnpm\mysql@2.18.1\node_modules\mysql\lib\protocol\Protocol.js:38:16)
    at Socket.<anonymous> (C:\Users\GEELLLL\OneDrive\Documents\AAAAA\julius\smart-prints-backend\node_modules\.pnpm\mysql@2.18.1\node_modules\mysql\lib\Connection.js:88:28)
[2025-11-16T13:13:01.806Z] ERROR ExceptionsHandler - ER_BAD_FIELD_ERROR: Unknown column 'CartSqlModel.size' in 'field list'
Trace: QueryFailedError: ER_BAD_FIELD_ERROR: Unknown column 'CartSqlModel.size' in 'field list'
    at Query.<anonymous> (C:\Users\GEELLLL\OneDrive\Documents\AAAAA\julius\smart-prints-backend\node_modules\.pnpm\typeorm@0.3.27_mongodb@6.18_3d9a812e28dbd3b158d45fa2cc381fb4\node_modules\typeorm\driver\src\driver\mysql\MysqlQueryRunner.ts:248:33)
    at Query.<anonymous> (C:\Users\GEELLLL\OneDrive\Documents\AAAAA\julius\smart-prints-backend\node_modules\.pnpm\mysql@2.18.1\node_modules\mysql\lib\Connection.js:526:10)
    at Query._callback (C:\Users\GEELLLL\OneDrive\Documents\AAAAA\julius\smart-prints-backend\node_modules\.pnpm\mysql@2.18.1\node_modules\mysql\lib\Connection.js:488:16)
    at Sequence.end (C:\Users\GEELLLL\OneDrive\Documents\AAAAA\julius\smart-prints-backend\node_modules\.pnpm\mysql@2.18.1\node_modules\mysql\lib\protocol\sequences\Sequence.js:83:24)
    at Query.ErrorPacket (C:\Users\GEELLLL\OneDrive\Documents\AAAAA\julius\smart-prints-backend\node_modules\.pnpm\mysql@2.18.1\node_modules\mysql\lib\protocol\sequences\Query.js:92:8)
    at Protocol._parsePacket (C:\Users\GEELLLL\OneDrive\Documents\AAAAA\julius\smart-prints-backend\node_modules\.pnpm\mysql@2.18.1\node_modules\mysql\lib\protocol\Protocol.js:291:23)
    at Parser._parsePacket (C:\Users\GEELLLL\OneDrive\Documents\AAAAA\julius\smart-prints-backend\node_modules\.pnpm\mysql@2.18.1\node_modules\mysql\lib\protocol\Parser.js:433:10)
    at Parser.write (C:\Users\GEELLLL\OneDrive\Documents\AAAAA\julius\smart-prints-backend\node_modules\.pnpm\mysql@2.18.1\node_modules\mysql\lib\protocol\Parser.js:43:10)
    at Protocol.write (C:\Users\GEELLLL\OneDrive\Documents\AAAAA\julius\smart-prints-backend\node_modules\.pnpm\mysql@2.18.1\node_modules\mysql\lib\protocol\Protocol.js:38:16)
    at Socket.<anonymous> (C:\Users\GEELLLL\OneDrive\Documents\AAAAA\julius\smart-prints-backend\node_modules\.pnpm\mysql@2.18.1\node_modules\mysql\lib\Connection.js:88:28)
[2025-11-16T13:13:10.527Z] ERROR ExceptionsHandler - ER_BAD_FIELD_ERROR: Unknown column 'size' in 'field list'
Trace: QueryFailedError: ER_BAD_FIELD_ERROR: Unknown column 'size' in 'field list'
    at Query.<anonymous> (C:\Users\GEELLLL\OneDrive\Documents\AAAAA\julius\smart-prints-backend\node_modules\.pnpm\typeorm@0.3.27_mongodb@6.18_3d9a812e28dbd3b158d45fa2cc381fb4\node_modules\typeorm\driver\src\driver\mysql\MysqlQueryRunner.ts:248:33)
    at Query.<anonymous> (C:\Users\GEELLLL\OneDrive\Documents\AAAAA\julius\smart-prints-backend\node_modules\.pnpm\mysql@2.18.1\node_modules\mysql\lib\Connection.js:526:10)
    at Query._callback (C:\Users\GEELLLL\OneDrive\Documents\AAAAA\julius\smart-prints-backend\node_modules\.pnpm\mysql@2.18.1\node_modules\mysql\lib\Connection.js:488:16)
    at Sequence.end (C:\Users\GEELLLL\OneDrive\Documents\AAAAA\julius\smart-prints-backend\node_modules\.pnpm\mysql@2.18.1\node_modules\mysql\lib\protocol\sequences\Sequence.js:83:24)
    at Query.ErrorPacket (C:\Users\GEELLLL\OneDrive\Documents\AAAAA\julius\smart-prints-backend\node_modules\.pnpm\mysql@2.18.1\node_modules\mysql\lib\protocol\sequences\Query.js:92:8)
    at Protocol._parsePacket (C:\Users\GEELLLL\OneDrive\Documents\AAAAA\julius\smart-prints-backend\node_modules\.pnpm\mysql@2.18.1\node_modules\mysql\lib\protocol\Protocol.js:291:23)
    at Parser._parsePacket (C:\Users\GEELLLL\OneDrive\Documents\AAAAA\julius\smart-prints-backend\node_modules\.pnpm\mysql@2.18.1\node_modules\mysql\lib\protocol\Parser.js:433:10)
    at Parser.write (C:\Users\GEELLLL\OneDrive\Documents\AAAAA\julius\smart-prints-backend\node_modules\.pnpm\mysql@2.18.1\node_modules\mysql\lib\protocol\Parser.js:43:10)
    at Protocol.write (C:\Users\GEELLLL\OneDrive\Documents\AAAAA\julius\smart-prints-backend\node_modules\.pnpm\mysql@2.18.1\node_modules\mysql\lib\protocol\Protocol.js:38:16)
    at Socket.<anonymous> (C:\Users\GEELLLL\OneDrive\Documents\AAAAA\julius\smart-prints-backend\node_modules\.pnpm\mysql@2.18.1\node_modules\mysql\lib\Connection.js:88:28)
[2025-11-16T13:13:25.821Z] ERROR ExceptionsHandler - ER_BAD_FIELD_ERROR: Unknown column 'CartSqlModel.size' in 'field list'
Trace: QueryFailedError: ER_BAD_FIELD_ERROR: Unknown column 'CartSqlModel.size' in 'field list'
    at Query.<anonymous> (C:\Users\GEELLLL\OneDrive\Documents\AAAAA\julius\smart-prints-backend\node_modules\.pnpm\typeorm@0.3.27_mongodb@6.18_3d9a812e28dbd3b158d45fa2cc381fb4\node_modules\typeorm\driver\src\driver\mysql\MysqlQueryRunner.ts:248:33)
    at Query.<anonymous> (C:\Users\GEELLLL\OneDrive\Documents\AAAAA\julius\smart-prints-backend\node_modules\.pnpm\mysql@2.18.1\node_modules\mysql\lib\Connection.js:526:10)
    at Query._callback (C:\Users\GEELLLL\OneDrive\Documents\AAAAA\julius\smart-prints-backend\node_modules\.pnpm\mysql@2.18.1\node_modules\mysql\lib\Connection.js:488:16)
    at Sequence.end (C:\Users\GEELLLL\OneDrive\Documents\AAAAA\julius\smart-prints-backend\node_modules\.pnpm\mysql@2.18.1\node_modules\mysql\lib\protocol\sequences\Sequence.js:83:24)
    at Query.ErrorPacket (C:\Users\GEELLLL\OneDrive\Documents\AAAAA\julius\smart-prints-backend\node_modules\.pnpm\mysql@2.18.1\node_modules\mysql\lib\protocol\sequences\Query.js:92:8)
    at Protocol._parsePacket (C:\Users\GEELLLL\OneDrive\Documents\AAAAA\julius\smart-prints-backend\node_modules\.pnpm\mysql@2.18.1\node_modules\mysql\lib\protocol\Protocol.js:291:23)
    at Parser._parsePacket (C:\Users\GEELLLL\OneDrive\Documents\AAAAA\julius\smart-prints-backend\node_modules\.pnpm\mysql@2.18.1\node_modules\mysql\lib\protocol\Parser.js:433:10)
    at Parser.write (C:\Users\GEELLLL\OneDrive\Documents\AAAAA\julius\smart-prints-backend\node_modules\.pnpm\mysql@2.18.1\node_modules\mysql\lib\protocol\Parser.js:43:10)
    at Protocol.write (C:\Users\GEELLLL\OneDrive\Documents\AAAAA\julius\smart-prints-backend\node_modules\.pnpm\mysql@2.18.1\node_modules\mysql\lib\protocol\Protocol.js:38:16)
    at Socket.<anonymous> (C:\Users\GEELLLL\OneDrive\Documents\AAAAA\julius\smart-prints-backend\node_modules\.pnpm\mysql@2.18.1\node_modules\mysql\lib\Connection.js:88:28)
[2025-11-16T13:13:25.916Z] ERROR ExceptionsHandler - ER_BAD_FIELD_ERROR: Unknown column 'CartSqlModel.size' in 'field list'
Trace: QueryFailedError: ER_BAD_FIELD_ERROR: Unknown column 'CartSqlModel.size' in 'field list'
    at Query.<anonymous> (C:\Users\GEELLLL\OneDrive\Documents\AAAAA\julius\smart-prints-backend\node_modules\.pnpm\typeorm@0.3.27_mongodb@6.18_3d9a812e28dbd3b158d45fa2cc381fb4\node_modules\typeorm\driver\src\driver\mysql\MysqlQueryRunner.ts:248:33)
    at Query.<anonymous> (C:\Users\GEELLLL\OneDrive\Documents\AAAAA\julius\smart-prints-backend\node_modules\.pnpm\mysql@2.18.1\node_modules\mysql\lib\Connection.js:526:10)
    at Query._callback (C:\Users\GEELLLL\OneDrive\Documents\AAAAA\julius\smart-prints-backend\node_modules\.pnpm\mysql@2.18.1\node_modules\mysql\lib\Connection.js:488:16)
    at Sequence.end (C:\Users\GEELLLL\OneDrive\Documents\AAAAA\julius\smart-prints-backend\node_modules\.pnpm\mysql@2.18.1\node_modules\mysql\lib\protocol\sequences\Sequence.js:83:24)
    at Query.ErrorPacket (C:\Users\GEELLLL\OneDrive\Documents\AAAAA\julius\smart-prints-backend\node_modules\.pnpm\mysql@2.18.1\node_modules\mysql\lib\protocol\sequences\Query.js:92:8)
    at Protocol._parsePacket (C:\Users\GEELLLL\OneDrive\Documents\AAAAA\julius\smart-prints-backend\node_modules\.pnpm\mysql@2.18.1\node_modules\mysql\lib\protocol\Protocol.js:291:23)
    at Parser._parsePacket (C:\Users\GEELLLL\OneDrive\Documents\AAAAA\julius\smart-prints-backend\node_modules\.pnpm\mysql@2.18.1\node_modules\mysql\lib\protocol\Parser.js:433:10)
    at Parser.write (C:\Users\GEELLLL\OneDrive\Documents\AAAAA\julius\smart-prints-backend\node_modules\.pnpm\mysql@2.18.1\node_modules\mysql\lib\protocol\Parser.js:43:10)
    at Protocol.write (C:\Users\GEELLLL\OneDrive\Documents\AAAAA\julius\smart-prints-backend\node_modules\.pnpm\mysql@2.18.1\node_modules\mysql\lib\protocol\Protocol.js:38:16)
    at Socket.<anonymous> (C:\Users\GEELLLL\OneDrive\Documents\AAAAA\julius\smart-prints-backend\node_modules\.pnpm\mysql@2.18.1\node_modules\mysql\lib\Connection.js:88:28)
[2025-11-16T13:13:35.818Z] ERROR ExceptionsHandler - ER_BAD_FIELD_ERROR: Unknown column 'CartSqlModel.size' in 'field list'
Trace: QueryFailedError: ER_BAD_FIELD_ERROR: Unknown column 'CartSqlModel.size' in 'field list'
    at Query.<anonymous> (C:\Users\GEELLLL\OneDrive\Documents\AAAAA\julius\smart-prints-backend\node_modules\.pnpm\typeorm@0.3.27_mongodb@6.18_3d9a812e28dbd3b158d45fa2cc381fb4\node_modules\typeorm\driver\src\driver\mysql\MysqlQueryRunner.ts:248:33)
    at Query.<anonymous> (C:\Users\GEELLLL\OneDrive\Documents\AAAAA\julius\smart-prints-backend\node_modules\.pnpm\mysql@2.18.1\node_modules\mysql\lib\Connection.js:526:10)
    at Query._callback (C:\Users\GEELLLL\OneDrive\Documents\AAAAA\julius\smart-prints-backend\node_modules\.pnpm\mysql@2.18.1\node_modules\mysql\lib\Connection.js:488:16)
    at Sequence.end (C:\Users\GEELLLL\OneDrive\Documents\AAAAA\julius\smart-prints-backend\node_modules\.pnpm\mysql@2.18.1\node_modules\mysql\lib\protocol\sequences\Sequence.js:83:24)
    at Query.ErrorPacket (C:\Users\GEELLLL\OneDrive\Documents\AAAAA\julius\smart-prints-backend\node_modules\.pnpm\mysql@2.18.1\node_modules\mysql\lib\protocol\sequences\Query.js:92:8)
    at Protocol._parsePacket (C:\Users\GEELLLL\OneDrive\Documents\AAAAA\julius\smart-prints-backend\node_modules\.pnpm\mysql@2.18.1\node_modules\mysql\lib\protocol\Protocol.js:291:23)
    at Parser._parsePacket (C:\Users\GEELLLL\OneDrive\Documents\AAAAA\julius\smart-prints-backend\node_modules\.pnpm\mysql@2.18.1\node_modules\mysql\lib\protocol\Parser.js:433:10)
    at Parser.write (C:\Users\GEELLLL\OneDrive\Documents\AAAAA\julius\smart-prints-backend\node_modules\.pnpm\mysql@2.18.1\node_modules\mysql\lib\protocol\Parser.js:43:10)
    at Protocol.write (C:\Users\GEELLLL\OneDrive\Documents\AAAAA\julius\smart-prints-backend\node_modules\.pnpm\mysql@2.18.1\node_modules\mysql\lib\protocol\Protocol.js:38:16)
    at Socket.<anonymous> (C:\Users\GEELLLL\OneDrive\Documents\AAAAA\julius\smart-prints-backend\node_modules\.pnpm\mysql@2.18.1\node_modules\mysql\lib\Connection.js:88:28)
[2025-11-16T13:13:35.887Z] ERROR ExceptionsHandler - ER_BAD_FIELD_ERROR: Unknown column 'CartSqlModel.size' in 'field list'
Trace: QueryFailedError: ER_BAD_FIELD_ERROR: Unknown column 'CartSqlModel.size' in 'field list'
    at Query.<anonymous> (C:\Users\GEELLLL\OneDrive\Documents\AAAAA\julius\smart-prints-backend\node_modules\.pnpm\typeorm@0.3.27_mongodb@6.18_3d9a812e28dbd3b158d45fa2cc381fb4\node_modules\typeorm\driver\src\driver\mysql\MysqlQueryRunner.ts:248:33)
    at Query.<anonymous> (C:\Users\GEELLLL\OneDrive\Documents\AAAAA\julius\smart-prints-backend\node_modules\.pnpm\mysql@2.18.1\node_modules\mysql\lib\Connection.js:526:10)
    at Query._callback (C:\Users\GEELLLL\OneDrive\Documents\AAAAA\julius\smart-prints-backend\node_modules\.pnpm\mysql@2.18.1\node_modules\mysql\lib\Connection.js:488:16)
    at Sequence.end (C:\Users\GEELLLL\OneDrive\Documents\AAAAA\julius\smart-prints-backend\node_modules\.pnpm\mysql@2.18.1\node_modules\mysql\lib\protocol\sequences\Sequence.js:83:24)
    at Query.ErrorPacket (C:\Users\GEELLLL\OneDrive\Documents\AAAAA\julius\smart-prints-backend\node_modules\.pnpm\mysql@2.18.1\node_modules\mysql\lib\protocol\sequences\Query.js:92:8)
    at Protocol._parsePacket (C:\Users\GEELLLL\OneDrive\Documents\AAAAA\julius\smart-prints-backend\node_modules\.pnpm\mysql@2.18.1\node_modules\mysql\lib\protocol\Protocol.js:291:23)
    at Parser._parsePacket (C:\Users\GEELLLL\OneDrive\Documents\AAAAA\julius\smart-prints-backend\node_modules\.pnpm\mysql@2.18.1\node_modules\mysql\lib\protocol\Parser.js:433:10)
    at Parser.write (C:\Users\GEELLLL\OneDrive\Documents\AAAAA\julius\smart-prints-backend\node_modules\.pnpm\mysql@2.18.1\node_modules\mysql\lib\protocol\Parser.js:43:10)
    at Protocol.write (C:\Users\GEELLLL\OneDrive\Documents\AAAAA\julius\smart-prints-backend\node_modules\.pnpm\mysql@2.18.1\node_modules\mysql\lib\protocol\Protocol.js:38:16)
    at Socket.<anonymous> (C:\Users\GEELLLL\OneDrive\Documents\AAAAA\julius\smart-prints-backend\node_modules\.pnpm\mysql@2.18.1\node_modules\mysql\lib\Connection.js:88:28)
[2025-11-16T13:14:42.373Z] ERROR ExceptionsHandler - ER_NO_DEFAULT_FOR_FIELD: Field 'size' doesn't have a default value
Trace: QueryFailedError: ER_NO_DEFAULT_FOR_FIELD: Field 'size' doesn't have a default value
    at Query.<anonymous> (C:\Users\GEELLLL\OneDrive\Documents\AAAAA\julius\smart-prints-backend\node_modules\.pnpm\typeorm@0.3.27_mongodb@6.18_3d9a812e28dbd3b158d45fa2cc381fb4\node_modules\typeorm\driver\src\driver\mysql\MysqlQueryRunner.ts:248:33)
    at Query.<anonymous> (C:\Users\GEELLLL\OneDrive\Documents\AAAAA\julius\smart-prints-backend\node_modules\.pnpm\mysql@2.18.1\node_modules\mysql\lib\Connection.js:526:10)
    at Query._callback (C:\Users\GEELLLL\OneDrive\Documents\AAAAA\julius\smart-prints-backend\node_modules\.pnpm\mysql@2.18.1\node_modules\mysql\lib\Connection.js:488:16)
    at Sequence.end (C:\Users\GEELLLL\OneDrive\Documents\AAAAA\julius\smart-prints-backend\node_modules\.pnpm\mysql@2.18.1\node_modules\mysql\lib\protocol\sequences\Sequence.js:83:24)
    at Query.ErrorPacket (C:\Users\GEELLLL\OneDrive\Documents\AAAAA\julius\smart-prints-backend\node_modules\.pnpm\mysql@2.18.1\node_modules\mysql\lib\protocol\sequences\Query.js:92:8)
    at Protocol._parsePacket (C:\Users\GEELLLL\OneDrive\Documents\AAAAA\julius\smart-prints-backend\node_modules\.pnpm\mysql@2.18.1\node_modules\mysql\lib\protocol\Protocol.js:291:23)
    at Parser._parsePacket (C:\Users\GEELLLL\OneDrive\Documents\AAAAA\julius\smart-prints-backend\node_modules\.pnpm\mysql@2.18.1\node_modules\mysql\lib\protocol\Parser.js:433:10)
    at Parser.write (C:\Users\GEELLLL\OneDrive\Documents\AAAAA\julius\smart-prints-backend\node_modules\.pnpm\mysql@2.18.1\node_modules\mysql\lib\protocol\Parser.js:43:10)
    at Protocol.write (C:\Users\GEELLLL\OneDrive\Documents\AAAAA\julius\smart-prints-backend\node_modules\.pnpm\mysql@2.18.1\node_modules\mysql\lib\protocol\Protocol.js:38:16)
    at Socket.<anonymous> (C:\Users\GEELLLL\OneDrive\Documents\AAAAA\julius\smart-prints-backend\node_modules\.pnpm\mysql@2.18.1\node_modules\mysql\lib\Connection.js:88:28)
[2025-11-16T13:19:41.014Z] ERROR ExceptionsHandler - Property "0" was not found in "CartSqlModel". Make sure your query is correct.
Trace: EntityPropertyNotFoundError: Property "0" was not found in "CartSqlModel". Make sure your query is correct.
    at <anonymous> (C:\Users\GEELLLL\OneDrive\Documents\AAAAA\julius\smart-prints-backend\node_modules\.pnpm\typeorm@0.3.27_mongodb@6.18_3d9a812e28dbd3b158d45fa2cc381fb4\node_modules\typeorm\query-builder\src\query-builder\UpdateQueryBuilder.ts:500:31)
    at Array.forEach (<anonymous>)
    at UpdateQueryBuilder.createUpdateExpression (C:\Users\GEELLLL\OneDrive\Documents\AAAAA\julius\smart-prints-backend\node_modules\.pnpm\typeorm@0.3.27_mongodb@6.18_3d9a812e28dbd3b158d45fa2cc381fb4\node_modules\typeorm\query-builder\src\query-builder\UpdateQueryBuilder.ts:493:68)
    at UpdateQueryBuilder.getQuery (C:\Users\GEELLLL\OneDrive\Documents\AAAAA\julius\smart-prints-backend\node_modules\.pnpm\typeorm@0.3.27_mongodb@6.18_3d9a812e28dbd3b158d45fa2cc381fb4\node_modules\typeorm\query-builder\src\query-builder\UpdateQueryBuilder.ts:53:21)
    at UpdateQueryBuilder.getQueryAndParameters (C:\Users\GEELLLL\OneDrive\Documents\AAAAA\julius\smart-prints-backend\node_modules\.pnpm\typeorm@0.3.27_mongodb@6.18_3d9a812e28dbd3b158d45fa2cc381fb4\node_modules\typeorm\query-builder\src\query-builder\QueryBuilder.ts:495:28)
    at UpdateQueryBuilder.execute (C:\Users\GEELLLL\OneDrive\Documents\AAAAA\julius\smart-prints-backend\node_modules\.pnpm\typeorm@0.3.27_mongodb@6.18_3d9a812e28dbd3b158d45fa2cc381fb4\node_modules\typeorm\query-builder\src\query-builder\UpdateQueryBuilder.ts:142:50)
    at process.processTicksAndRejections (node:internal/process/task_queues:105:5)
    at async CartSqlService.update (C:\Users\GEELLLL\OneDrive\Documents\AAAAA\julius\smart-prints-backend\dist\main.js:6340:25)
    at async C:\Users\GEELLLL\OneDrive\Documents\AAAAA\julius\smart-prints-backend\node_modules\.pnpm\@nestjs+core@10.4.20_@nestj_352f2983c8f45b29c877fca50752a30f\node_modules\@nestjs\core\router\router-execution-context.js:46:28
    at async C:\Users\GEELLLL\OneDrive\Documents\AAAAA\julius\smart-prints-backend\node_modules\.pnpm\@nestjs+core@10.4.20_@nestj_352f2983c8f45b29c877fca50752a30f\node_modules\@nestjs\core\router\router-proxy.js:9:17
[2025-11-16T13:20:35.280Z] ERROR ExceptionsHandler - Property "0" was not found in "CartSqlModel". Make sure your query is correct.
Trace: EntityPropertyNotFoundError: Property "0" was not found in "CartSqlModel". Make sure your query is correct.
    at <anonymous> (C:\Users\GEELLLL\OneDrive\Documents\AAAAA\julius\smart-prints-backend\node_modules\.pnpm\typeorm@0.3.27_mongodb@6.18_3d9a812e28dbd3b158d45fa2cc381fb4\node_modules\typeorm\query-builder\src\query-builder\UpdateQueryBuilder.ts:500:31)
    at Array.forEach (<anonymous>)
    at UpdateQueryBuilder.createUpdateExpression (C:\Users\GEELLLL\OneDrive\Documents\AAAAA\julius\smart-prints-backend\node_modules\.pnpm\typeorm@0.3.27_mongodb@6.18_3d9a812e28dbd3b158d45fa2cc381fb4\node_modules\typeorm\query-builder\src\query-builder\UpdateQueryBuilder.ts:493:68)
    at UpdateQueryBuilder.getQuery (C:\Users\GEELLLL\OneDrive\Documents\AAAAA\julius\smart-prints-backend\node_modules\.pnpm\typeorm@0.3.27_mongodb@6.18_3d9a812e28dbd3b158d45fa2cc381fb4\node_modules\typeorm\query-builder\src\query-builder\UpdateQueryBuilder.ts:53:21)
    at UpdateQueryBuilder.getQueryAndParameters (C:\Users\GEELLLL\OneDrive\Documents\AAAAA\julius\smart-prints-backend\node_modules\.pnpm\typeorm@0.3.27_mongodb@6.18_3d9a812e28dbd3b158d45fa2cc381fb4\node_modules\typeorm\query-builder\src\query-builder\QueryBuilder.ts:495:28)
    at UpdateQueryBuilder.execute (C:\Users\GEELLLL\OneDrive\Documents\AAAAA\julius\smart-prints-backend\node_modules\.pnpm\typeorm@0.3.27_mongodb@6.18_3d9a812e28dbd3b158d45fa2cc381fb4\node_modules\typeorm\query-builder\src\query-builder\UpdateQueryBuilder.ts:142:50)
    at process.processTicksAndRejections (node:internal/process/task_queues:105:5)
    at async CartSqlService.update (C:\Users\GEELLLL\OneDrive\Documents\AAAAA\julius\smart-prints-backend\dist\main.js:6340:25)
    at async C:\Users\GEELLLL\OneDrive\Documents\AAAAA\julius\smart-prints-backend\node_modules\.pnpm\@nestjs+core@10.4.20_@nestj_352f2983c8f45b29c877fca50752a30f\node_modules\@nestjs\core\router\router-execution-context.js:46:28
    at async C:\Users\GEELLLL\OneDrive\Documents\AAAAA\julius\smart-prints-backend\node_modules\.pnpm\@nestjs+core@10.4.20_@nestj_352f2983c8f45b29c877fca50752a30f\node_modules\@nestjs\core\router\router-proxy.js:9:17
[2025-11-16T13:21:20.266Z] ERROR ExceptionsHandler - Property "0" was not found in "CartSqlModel". Make sure your query is correct.
Trace: EntityPropertyNotFoundError: Property "0" was not found in "CartSqlModel". Make sure your query is correct.
    at <anonymous> (C:\Users\GEELLLL\OneDrive\Documents\AAAAA\julius\smart-prints-backend\node_modules\.pnpm\typeorm@0.3.27_mongodb@6.18_3d9a812e28dbd3b158d45fa2cc381fb4\node_modules\typeorm\query-builder\src\query-builder\UpdateQueryBuilder.ts:500:31)
    at Array.forEach (<anonymous>)
    at UpdateQueryBuilder.createUpdateExpression (C:\Users\GEELLLL\OneDrive\Documents\AAAAA\julius\smart-prints-backend\node_modules\.pnpm\typeorm@0.3.27_mongodb@6.18_3d9a812e28dbd3b158d45fa2cc381fb4\node_modules\typeorm\query-builder\src\query-builder\UpdateQueryBuilder.ts:493:68)
    at UpdateQueryBuilder.getQuery (C:\Users\GEELLLL\OneDrive\Documents\AAAAA\julius\smart-prints-backend\node_modules\.pnpm\typeorm@0.3.27_mongodb@6.18_3d9a812e28dbd3b158d45fa2cc381fb4\node_modules\typeorm\query-builder\src\query-builder\UpdateQueryBuilder.ts:53:21)
    at UpdateQueryBuilder.getQueryAndParameters (C:\Users\GEELLLL\OneDrive\Documents\AAAAA\julius\smart-prints-backend\node_modules\.pnpm\typeorm@0.3.27_mongodb@6.18_3d9a812e28dbd3b158d45fa2cc381fb4\node_modules\typeorm\query-builder\src\query-builder\QueryBuilder.ts:495:28)
    at UpdateQueryBuilder.execute (C:\Users\GEELLLL\OneDrive\Documents\AAAAA\julius\smart-prints-backend\node_modules\.pnpm\typeorm@0.3.27_mongodb@6.18_3d9a812e28dbd3b158d45fa2cc381fb4\node_modules\typeorm\query-builder\src\query-builder\UpdateQueryBuilder.ts:142:50)
    at process.processTicksAndRejections (node:internal/process/task_queues:105:5)
    at async CartSqlService.update (C:\Users\GEELLLL\OneDrive\Documents\AAAAA\julius\smart-prints-backend\dist\main.js:6340:25)
    at async C:\Users\GEELLLL\OneDrive\Documents\AAAAA\julius\smart-prints-backend\node_modules\.pnpm\@nestjs+core@10.4.20_@nestj_352f2983c8f45b29c877fca50752a30f\node_modules\@nestjs\core\router\router-execution-context.js:46:28
    at async C:\Users\GEELLLL\OneDrive\Documents\AAAAA\julius\smart-prints-backend\node_modules\.pnpm\@nestjs+core@10.4.20_@nestj_352f2983c8f45b29c877fca50752a30f\node_modules\@nestjs\core\router\router-proxy.js:9:17
[2025-11-25T07:50:32.070Z] ERROR ExceptionsHandler - ER_NO_DEFAULT_FOR_FIELD: Field 'id' doesn't have a default value
Trace: QueryFailedError: ER_NO_DEFAULT_FOR_FIELD: Field 'id' doesn't have a default value
    at Query.<anonymous> (C:\Users\GEELLLL\OneDrive\Documents\AAAAA\julius\smart-prints-backend\node_modules\.pnpm\typeorm@0.3.27_mongodb@6.18_3d9a812e28dbd3b158d45fa2cc381fb4\node_modules\typeorm\driver\src\driver\mysql\MysqlQueryRunner.ts:248:33)
    at Query.<anonymous> (C:\Users\GEELLLL\OneDrive\Documents\AAAAA\julius\smart-prints-backend\node_modules\.pnpm\mysql@2.18.1\node_modules\mysql\lib\Connection.js:526:10)
    at Query._callback (C:\Users\GEELLLL\OneDrive\Documents\AAAAA\julius\smart-prints-backend\node_modules\.pnpm\mysql@2.18.1\node_modules\mysql\lib\Connection.js:488:16)
    at Sequence.end (C:\Users\GEELLLL\OneDrive\Documents\AAAAA\julius\smart-prints-backend\node_modules\.pnpm\mysql@2.18.1\node_modules\mysql\lib\protocol\sequences\Sequence.js:83:24)
    at Query.ErrorPacket (C:\Users\GEELLLL\OneDrive\Documents\AAAAA\julius\smart-prints-backend\node_modules\.pnpm\mysql@2.18.1\node_modules\mysql\lib\protocol\sequences\Query.js:92:8)
    at Protocol._parsePacket (C:\Users\GEELLLL\OneDrive\Documents\AAAAA\julius\smart-prints-backend\node_modules\.pnpm\mysql@2.18.1\node_modules\mysql\lib\protocol\Protocol.js:291:23)
    at Parser._parsePacket (C:\Users\GEELLLL\OneDrive\Documents\AAAAA\julius\smart-prints-backend\node_modules\.pnpm\mysql@2.18.1\node_modules\mysql\lib\protocol\Parser.js:433:10)
    at Parser.write (C:\Users\GEELLLL\OneDrive\Documents\AAAAA\julius\smart-prints-backend\node_modules\.pnpm\mysql@2.18.1\node_modules\mysql\lib\protocol\Parser.js:43:10)
    at Protocol.write (C:\Users\GEELLLL\OneDrive\Documents\AAAAA\julius\smart-prints-backend\node_modules\.pnpm\mysql@2.18.1\node_modules\mysql\lib\protocol\Protocol.js:38:16)
    at Socket.<anonymous> (C:\Users\GEELLLL\OneDrive\Documents\AAAAA\julius\smart-prints-backend\node_modules\.pnpm\mysql@2.18.1\node_modules\mysql\lib\Connection.js:88:28)
[2025-11-25T07:51:27.975Z] ERROR ExceptionsHandler - ER_NO_DEFAULT_FOR_FIELD: Field 'id' doesn't have a default value
Trace: QueryFailedError: ER_NO_DEFAULT_FOR_FIELD: Field 'id' doesn't have a default value
    at Query.<anonymous> (C:\Users\GEELLLL\OneDrive\Documents\AAAAA\julius\smart-prints-backend\node_modules\.pnpm\typeorm@0.3.27_mongodb@6.18_3d9a812e28dbd3b158d45fa2cc381fb4\node_modules\typeorm\driver\src\driver\mysql\MysqlQueryRunner.ts:248:33)
    at Query.<anonymous> (C:\Users\GEELLLL\OneDrive\Documents\AAAAA\julius\smart-prints-backend\node_modules\.pnpm\mysql@2.18.1\node_modules\mysql\lib\Connection.js:526:10)
    at Query._callback (C:\Users\GEELLLL\OneDrive\Documents\AAAAA\julius\smart-prints-backend\node_modules\.pnpm\mysql@2.18.1\node_modules\mysql\lib\Connection.js:488:16)
    at Sequence.end (C:\Users\GEELLLL\OneDrive\Documents\AAAAA\julius\smart-prints-backend\node_modules\.pnpm\mysql@2.18.1\node_modules\mysql\lib\protocol\sequences\Sequence.js:83:24)
    at Query.ErrorPacket (C:\Users\GEELLLL\OneDrive\Documents\AAAAA\julius\smart-prints-backend\node_modules\.pnpm\mysql@2.18.1\node_modules\mysql\lib\protocol\sequences\Query.js:92:8)
    at Protocol._parsePacket (C:\Users\GEELLLL\OneDrive\Documents\AAAAA\julius\smart-prints-backend\node_modules\.pnpm\mysql@2.18.1\node_modules\mysql\lib\protocol\Protocol.js:291:23)
    at Parser._parsePacket (C:\Users\GEELLLL\OneDrive\Documents\AAAAA\julius\smart-prints-backend\node_modules\.pnpm\mysql@2.18.1\node_modules\mysql\lib\protocol\Parser.js:433:10)
    at Parser.write (C:\Users\GEELLLL\OneDrive\Documents\AAAAA\julius\smart-prints-backend\node_modules\.pnpm\mysql@2.18.1\node_modules\mysql\lib\protocol\Parser.js:43:10)
    at Protocol.write (C:\Users\GEELLLL\OneDrive\Documents\AAAAA\julius\smart-prints-backend\node_modules\.pnpm\mysql@2.18.1\node_modules\mysql\lib\protocol\Protocol.js:38:16)
    at Socket.<anonymous> (C:\Users\GEELLLL\OneDrive\Documents\AAAAA\julius\smart-prints-backend\node_modules\.pnpm\mysql@2.18.1\node_modules\mysql\lib\Connection.js:88:28)
[2025-11-25T07:52:42.609Z] ERROR ExceptionsHandler - ER_NO_DEFAULT_FOR_FIELD: Field 'id' doesn't have a default value
Trace: QueryFailedError: ER_NO_DEFAULT_FOR_FIELD: Field 'id' doesn't have a default value
    at Query.<anonymous> (C:\Users\GEELLLL\OneDrive\Documents\AAAAA\julius\smart-prints-backend\node_modules\.pnpm\typeorm@0.3.27_mongodb@6.18_3d9a812e28dbd3b158d45fa2cc381fb4\node_modules\typeorm\driver\src\driver\mysql\MysqlQueryRunner.ts:248:33)
    at Query.<anonymous> (C:\Users\GEELLLL\OneDrive\Documents\AAAAA\julius\smart-prints-backend\node_modules\.pnpm\mysql@2.18.1\node_modules\mysql\lib\Connection.js:526:10)
    at Query._callback (C:\Users\GEELLLL\OneDrive\Documents\AAAAA\julius\smart-prints-backend\node_modules\.pnpm\mysql@2.18.1\node_modules\mysql\lib\Connection.js:488:16)
    at Sequence.end (C:\Users\GEELLLL\OneDrive\Documents\AAAAA\julius\smart-prints-backend\node_modules\.pnpm\mysql@2.18.1\node_modules\mysql\lib\protocol\sequences\Sequence.js:83:24)
    at Query.ErrorPacket (C:\Users\GEELLLL\OneDrive\Documents\AAAAA\julius\smart-prints-backend\node_modules\.pnpm\mysql@2.18.1\node_modules\mysql\lib\protocol\sequences\Query.js:92:8)
    at Protocol._parsePacket (C:\Users\GEELLLL\OneDrive\Documents\AAAAA\julius\smart-prints-backend\node_modules\.pnpm\mysql@2.18.1\node_modules\mysql\lib\protocol\Protocol.js:291:23)
    at Parser._parsePacket (C:\Users\GEELLLL\OneDrive\Documents\AAAAA\julius\smart-prints-backend\node_modules\.pnpm\mysql@2.18.1\node_modules\mysql\lib\protocol\Parser.js:433:10)
    at Parser.write (C:\Users\GEELLLL\OneDrive\Documents\AAAAA\julius\smart-prints-backend\node_modules\.pnpm\mysql@2.18.1\node_modules\mysql\lib\protocol\Parser.js:43:10)
    at Protocol.write (C:\Users\GEELLLL\OneDrive\Documents\AAAAA\julius\smart-prints-backend\node_modules\.pnpm\mysql@2.18.1\node_modules\mysql\lib\protocol\Protocol.js:38:16)
    at Socket.<anonymous> (C:\Users\GEELLLL\OneDrive\Documents\AAAAA\julius\smart-prints-backend\node_modules\.pnpm\mysql@2.18.1\node_modules\mysql\lib\Connection.js:88:28)
[2025-11-25T07:53:26.867Z] ERROR ExceptionsHandler - ER_NO_DEFAULT_FOR_FIELD: Field 'id' doesn't have a default value
Trace: QueryFailedError: ER_NO_DEFAULT_FOR_FIELD: Field 'id' doesn't have a default value
    at Query.<anonymous> (C:\Users\GEELLLL\OneDrive\Documents\AAAAA\julius\smart-prints-backend\node_modules\.pnpm\typeorm@0.3.27_mongodb@6.18_3d9a812e28dbd3b158d45fa2cc381fb4\node_modules\typeorm\driver\src\driver\mysql\MysqlQueryRunner.ts:248:33)
    at Query.<anonymous> (C:\Users\GEELLLL\OneDrive\Documents\AAAAA\julius\smart-prints-backend\node_modules\.pnpm\mysql@2.18.1\node_modules\mysql\lib\Connection.js:526:10)
    at Query._callback (C:\Users\GEELLLL\OneDrive\Documents\AAAAA\julius\smart-prints-backend\node_modules\.pnpm\mysql@2.18.1\node_modules\mysql\lib\Connection.js:488:16)
    at Sequence.end (C:\Users\GEELLLL\OneDrive\Documents\AAAAA\julius\smart-prints-backend\node_modules\.pnpm\mysql@2.18.1\node_modules\mysql\lib\protocol\sequences\Sequence.js:83:24)
    at Query.ErrorPacket (C:\Users\GEELLLL\OneDrive\Documents\AAAAA\julius\smart-prints-backend\node_modules\.pnpm\mysql@2.18.1\node_modules\mysql\lib\protocol\sequences\Query.js:92:8)
    at Protocol._parsePacket (C:\Users\GEELLLL\OneDrive\Documents\AAAAA\julius\smart-prints-backend\node_modules\.pnpm\mysql@2.18.1\node_modules\mysql\lib\protocol\Protocol.js:291:23)
    at Parser._parsePacket (C:\Users\GEELLLL\OneDrive\Documents\AAAAA\julius\smart-prints-backend\node_modules\.pnpm\mysql@2.18.1\node_modules\mysql\lib\protocol\Parser.js:433:10)
    at Parser.write (C:\Users\GEELLLL\OneDrive\Documents\AAAAA\julius\smart-prints-backend\node_modules\.pnpm\mysql@2.18.1\node_modules\mysql\lib\protocol\Parser.js:43:10)
    at Protocol.write (C:\Users\GEELLLL\OneDrive\Documents\AAAAA\julius\smart-prints-backend\node_modules\.pnpm\mysql@2.18.1\node_modules\mysql\lib\protocol\Protocol.js:38:16)
    at Socket.<anonymous> (C:\Users\GEELLLL\OneDrive\Documents\AAAAA\julius\smart-prints-backend\node_modules\.pnpm\mysql@2.18.1\node_modules\mysql\lib\Connection.js:88:28)
[2025-11-25T07:53:34.379Z] ERROR ExceptionsHandler - ER_NO_DEFAULT_FOR_FIELD: Field 'id' doesn't have a default value
Trace: QueryFailedError: ER_NO_DEFAULT_FOR_FIELD: Field 'id' doesn't have a default value
    at Query.<anonymous> (C:\Users\GEELLLL\OneDrive\Documents\AAAAA\julius\smart-prints-backend\node_modules\.pnpm\typeorm@0.3.27_mongodb@6.18_3d9a812e28dbd3b158d45fa2cc381fb4\node_modules\typeorm\driver\src\driver\mysql\MysqlQueryRunner.ts:248:33)
    at Query.<anonymous> (C:\Users\GEELLLL\OneDrive\Documents\AAAAA\julius\smart-prints-backend\node_modules\.pnpm\mysql@2.18.1\node_modules\mysql\lib\Connection.js:526:10)
    at Query._callback (C:\Users\GEELLLL\OneDrive\Documents\AAAAA\julius\smart-prints-backend\node_modules\.pnpm\mysql@2.18.1\node_modules\mysql\lib\Connection.js:488:16)
    at Sequence.end (C:\Users\GEELLLL\OneDrive\Documents\AAAAA\julius\smart-prints-backend\node_modules\.pnpm\mysql@2.18.1\node_modules\mysql\lib\protocol\sequences\Sequence.js:83:24)
    at Query.ErrorPacket (C:\Users\GEELLLL\OneDrive\Documents\AAAAA\julius\smart-prints-backend\node_modules\.pnpm\mysql@2.18.1\node_modules\mysql\lib\protocol\sequences\Query.js:92:8)
    at Protocol._parsePacket (C:\Users\GEELLLL\OneDrive\Documents\AAAAA\julius\smart-prints-backend\node_modules\.pnpm\mysql@2.18.1\node_modules\mysql\lib\protocol\Protocol.js:291:23)
    at Parser._parsePacket (C:\Users\GEELLLL\OneDrive\Documents\AAAAA\julius\smart-prints-backend\node_modules\.pnpm\mysql@2.18.1\node_modules\mysql\lib\protocol\Parser.js:433:10)
    at Parser.write (C:\Users\GEELLLL\OneDrive\Documents\AAAAA\julius\smart-prints-backend\node_modules\.pnpm\mysql@2.18.1\node_modules\mysql\lib\protocol\Parser.js:43:10)
    at Protocol.write (C:\Users\GEELLLL\OneDrive\Documents\AAAAA\julius\smart-prints-backend\node_modules\.pnpm\mysql@2.18.1\node_modules\mysql\lib\protocol\Protocol.js:38:16)
    at Socket.<anonymous> (C:\Users\GEELLLL\OneDrive\Documents\AAAAA\julius\smart-prints-backend\node_modules\.pnpm\mysql@2.18.1\node_modules\mysql\lib\Connection.js:88:28)
[2025-11-25T07:54:17.200Z] ERROR ExceptionsHandler - ER_DUP_ENTRY: Duplicate entry 'Electronics' for key 'categories_sql_model.IDX_057909c0e1a049c72ef2ade0f3'
Trace: QueryFailedError: ER_DUP_ENTRY: Duplicate entry 'Electronics' for key 'categories_sql_model.IDX_057909c0e1a049c72ef2ade0f3'
    at Query.<anonymous> (C:\Users\GEELLLL\OneDrive\Documents\AAAAA\julius\smart-prints-backend\node_modules\.pnpm\typeorm@0.3.27_mongodb@6.18_3d9a812e28dbd3b158d45fa2cc381fb4\node_modules\typeorm\driver\src\driver\mysql\MysqlQueryRunner.ts:248:33)
    at Query.<anonymous> (C:\Users\GEELLLL\OneDrive\Documents\AAAAA\julius\smart-prints-backend\node_modules\.pnpm\mysql@2.18.1\node_modules\mysql\lib\Connection.js:526:10)
    at Query._callback (C:\Users\GEELLLL\OneDrive\Documents\AAAAA\julius\smart-prints-backend\node_modules\.pnpm\mysql@2.18.1\node_modules\mysql\lib\Connection.js:488:16)
    at Sequence.end (C:\Users\GEELLLL\OneDrive\Documents\AAAAA\julius\smart-prints-backend\node_modules\.pnpm\mysql@2.18.1\node_modules\mysql\lib\protocol\sequences\Sequence.js:83:24)
    at Query.ErrorPacket (C:\Users\GEELLLL\OneDrive\Documents\AAAAA\julius\smart-prints-backend\node_modules\.pnpm\mysql@2.18.1\node_modules\mysql\lib\protocol\sequences\Query.js:92:8)
    at Protocol._parsePacket (C:\Users\GEELLLL\OneDrive\Documents\AAAAA\julius\smart-prints-backend\node_modules\.pnpm\mysql@2.18.1\node_modules\mysql\lib\protocol\Protocol.js:291:23)
    at Parser._parsePacket (C:\Users\GEELLLL\OneDrive\Documents\AAAAA\julius\smart-prints-backend\node_modules\.pnpm\mysql@2.18.1\node_modules\mysql\lib\protocol\Parser.js:433:10)
    at Parser.write (C:\Users\GEELLLL\OneDrive\Documents\AAAAA\julius\smart-prints-backend\node_modules\.pnpm\mysql@2.18.1\node_modules\mysql\lib\protocol\Parser.js:43:10)
    at Protocol.write (C:\Users\GEELLLL\OneDrive\Documents\AAAAA\julius\smart-prints-backend\node_modules\.pnpm\mysql@2.18.1\node_modules\mysql\lib\protocol\Protocol.js:38:16)
    at Socket.<anonymous> (C:\Users\GEELLLL\OneDrive\Documents\AAAAA\julius\smart-prints-backend\node_modules\.pnpm\mysql@2.18.1\node_modules\mysql\lib\Connection.js:88:28)
[2025-11-25T07:55:18.149Z] ERROR ExceptionsHandler - ER_DUP_ENTRY: Duplicate entry 'Electronics' for key 'categories_sql_model.IDX_057909c0e1a049c72ef2ade0f3'
Trace: QueryFailedError: ER_DUP_ENTRY: Duplicate entry 'Electronics' for key 'categories_sql_model.IDX_057909c0e1a049c72ef2ade0f3'
    at Query.<anonymous> (C:\Users\GEELLLL\OneDrive\Documents\AAAAA\julius\smart-prints-backend\node_modules\.pnpm\typeorm@0.3.27_mongodb@6.18_3d9a812e28dbd3b158d45fa2cc381fb4\node_modules\typeorm\driver\src\driver\mysql\MysqlQueryRunner.ts:248:33)
    at Query.<anonymous> (C:\Users\GEELLLL\OneDrive\Documents\AAAAA\julius\smart-prints-backend\node_modules\.pnpm\mysql@2.18.1\node_modules\mysql\lib\Connection.js:526:10)
    at Query._callback (C:\Users\GEELLLL\OneDrive\Documents\AAAAA\julius\smart-prints-backend\node_modules\.pnpm\mysql@2.18.1\node_modules\mysql\lib\Connection.js:488:16)
    at Sequence.end (C:\Users\GEELLLL\OneDrive\Documents\AAAAA\julius\smart-prints-backend\node_modules\.pnpm\mysql@2.18.1\node_modules\mysql\lib\protocol\sequences\Sequence.js:83:24)
    at Query.ErrorPacket (C:\Users\GEELLLL\OneDrive\Documents\AAAAA\julius\smart-prints-backend\node_modules\.pnpm\mysql@2.18.1\node_modules\mysql\lib\protocol\sequences\Query.js:92:8)
    at Protocol._parsePacket (C:\Users\GEELLLL\OneDrive\Documents\AAAAA\julius\smart-prints-backend\node_modules\.pnpm\mysql@2.18.1\node_modules\mysql\lib\protocol\Protocol.js:291:23)
    at Parser._parsePacket (C:\Users\GEELLLL\OneDrive\Documents\AAAAA\julius\smart-prints-backend\node_modules\.pnpm\mysql@2.18.1\node_modules\mysql\lib\protocol\Parser.js:433:10)
    at Parser.write (C:\Users\GEELLLL\OneDrive\Documents\AAAAA\julius\smart-prints-backend\node_modules\.pnpm\mysql@2.18.1\node_modules\mysql\lib\protocol\Parser.js:43:10)
    at Protocol.write (C:\Users\GEELLLL\OneDrive\Documents\AAAAA\julius\smart-prints-backend\node_modules\.pnpm\mysql@2.18.1\node_modules\mysql\lib\protocol\Protocol.js:38:16)
    at Socket.<anonymous> (C:\Users\GEELLLL\OneDrive\Documents\AAAAA\julius\smart-prints-backend\node_modules\.pnpm\mysql@2.18.1\node_modules\mysql\lib\Connection.js:88:28)
[2025-11-25T07:56:04.289Z] ERROR ExceptionsHandler - ER_DUP_ENTRY: Duplicate entry 'Electronics' for key 'categories_sql_model.IDX_057909c0e1a049c72ef2ade0f3'
Trace: QueryFailedError: ER_DUP_ENTRY: Duplicate entry 'Electronics' for key 'categories_sql_model.IDX_057909c0e1a049c72ef2ade0f3'
    at Query.<anonymous> (C:\Users\GEELLLL\OneDrive\Documents\AAAAA\julius\smart-prints-backend\node_modules\.pnpm\typeorm@0.3.27_mongodb@6.18_3d9a812e28dbd3b158d45fa2cc381fb4\node_modules\typeorm\driver\src\driver\mysql\MysqlQueryRunner.ts:248:33)
    at Query.<anonymous> (C:\Users\GEELLLL\OneDrive\Documents\AAAAA\julius\smart-prints-backend\node_modules\.pnpm\mysql@2.18.1\node_modules\mysql\lib\Connection.js:526:10)
    at Query._callback (C:\Users\GEELLLL\OneDrive\Documents\AAAAA\julius\smart-prints-backend\node_modules\.pnpm\mysql@2.18.1\node_modules\mysql\lib\Connection.js:488:16)
    at Sequence.end (C:\Users\GEELLLL\OneDrive\Documents\AAAAA\julius\smart-prints-backend\node_modules\.pnpm\mysql@2.18.1\node_modules\mysql\lib\protocol\sequences\Sequence.js:83:24)
    at Query.ErrorPacket (C:\Users\GEELLLL\OneDrive\Documents\AAAAA\julius\smart-prints-backend\node_modules\.pnpm\mysql@2.18.1\node_modules\mysql\lib\protocol\sequences\Query.js:92:8)
    at Protocol._parsePacket (C:\Users\GEELLLL\OneDrive\Documents\AAAAA\julius\smart-prints-backend\node_modules\.pnpm\mysql@2.18.1\node_modules\mysql\lib\protocol\Protocol.js:291:23)
    at Parser._parsePacket (C:\Users\GEELLLL\OneDrive\Documents\AAAAA\julius\smart-prints-backend\node_modules\.pnpm\mysql@2.18.1\node_modules\mysql\lib\protocol\Parser.js:433:10)
    at Parser.write (C:\Users\GEELLLL\OneDrive\Documents\AAAAA\julius\smart-prints-backend\node_modules\.pnpm\mysql@2.18.1\node_modules\mysql\lib\protocol\Parser.js:43:10)
    at Protocol.write (C:\Users\GEELLLL\OneDrive\Documents\AAAAA\julius\smart-prints-backend\node_modules\.pnpm\mysql@2.18.1\node_modules\mysql\lib\protocol\Protocol.js:38:16)
    at Socket.<anonymous> (C:\Users\GEELLLL\OneDrive\Documents\AAAAA\julius\smart-prints-backend\node_modules\.pnpm\mysql@2.18.1\node_modules\mysql\lib\Connection.js:88:28)
